// Jest Snapshot v1, https://goo.gl/fbAQLP

exports[`<AppBar /> should render properly 1`] = `
<DocumentFragment>
  <header
    class="sc-gsTEea sIHru"
  >
    <h3
      class="sc-bdfBQB epGijZ"
    >
      COMATCH
    </h3>
  </header>
</DocumentFragment>
`;
