// Jest Snapshot v1, https://goo.gl/fbAQLP

exports[`<Consultant /> should render properly 1`] = `
<DocumentFragment>
  <li
    class="sc-bdfBQB dSprCg"
  >
    <img
      alt="avatar"
      class="sc-gsTEea dtNHVy"
      src="https://avataaars.io/?avatarStyle=Circle&topType=LongHairStraight&accessoriesType=Blank&hairColor=BrownDark&facialHairType=Blank&clotheType=BlazerShirt&eyeType=Default&eyebrowType=Default&mouthType=Default&skinColor=Light'"
    />
    <p
      class="sc-dlfnuX iHPnGy"
    >
      john doe2
    </p>
  </li>
</DocumentFragment>
`;
