// Jest Snapshot v1, https://goo.gl/fbAQLP

exports[`<CompanyLogo /> should render properly 1`] = `
<DocumentFragment>
  <h3
    class="sc-bdfBQB epGijZ"
  >
    COMATCH
  </h3>
</DocumentFragment>
`;
