// Jest Snapshot v1, https://goo.gl/fbAQLP

exports[`<Button /> should render properly 1`] = `
<DocumentFragment>
  <button
    class="sc-bdfBQB irKrPi"
    color="primary"
  >
    button
  </button>
</DocumentFragment>
`;
